[0m18:23:09.563418 [debug] [MainThread]: Sending event: {'category': 'dbt', 'action': 'invocation', 'label': 'start', 'context': [<snowplow_tracker.self_describing_json.SelfDescribingJson object at 0x108849a00>, <snowplow_tracker.self_describing_json.SelfDescribingJson object at 0x1098ac980>, <snowplow_tracker.self_describing_json.SelfDescribingJson object at 0x1098ac6e0>]}


============================== 18:23:09.566773 | eeb11331-3199-4c0a-9b2f-b115e3b2d684 ==============================
[0m18:23:09.566773 [info ] [MainThread]: Running with dbt=1.11.10
[0m18:23:09.567096 [debug] [MainThread]: running dbt with arguments {'version_check': 'True', 'send_anonymous_usage_stats': 'True', 'empty': 'None', 'log_path': 'logs', 'warn_error': 'None', 'write_json': 'True', 'debug': 'False', 'target_path': 'None', 'warn_error_options': 'WarnErrorOptionsV2(error=[], warn=[], silence=[])', 'profiles_dir': '/Users/hazeldonaldson/.dbt', 'fail_fast': 'False', 'invocation_command': 'dbt init ae_disease_surveillance', 'indirect_selection': 'eager', 'static_parser': 'True', 'introspect': 'True', 'no_print': 'None', 'use_experimental_parser': 'False', 'partial_parse': 'True', 'log_cache_events': 'False', 'log_format': 'default', 'use_colors': 'True', 'cache_selected_only': 'False', 'quiet': 'False', 'printer_width': '80'}
[0m18:23:09.577520 [debug] [MainThread]: Starter project path: /opt/miniconda3/lib/python3.12/site-packages/dbt/include/starter_project
[0m18:23:09.581135 [info ] [MainThread]: 
Your new dbt project "ae_disease_surveillance" was created!

For more information on how to configure the profiles.yml file,
please consult the dbt documentation here:

  https://docs.getdbt.com/docs/configure-your-profile

One more thing:

Need help? Don't hesitate to reach out to us via GitHub issues or on Slack:

  https://community.getdbt.com/

Happy modeling!

[0m18:23:09.581333 [info ] [MainThread]: Setting up your profile.
[0m18:23:41.530613 [info ] [MainThread]: Profile ae_disease_surveillance written to /Users/hazeldonaldson/.dbt/profiles.yml using target's profile_template.yml and your supplied values. Run 'dbt debug' to validate the connection.
[0m18:23:41.531737 [debug] [MainThread]: Resource report: {"command_name": "init", "command_success": true, "command_wall_clock_time": 32.012333, "process_in_blocks": "0", "process_kernel_time": 0.516531, "process_mem_max_rss": "235388928", "process_out_blocks": "0", "process_user_time": 3.35263}
[0m18:23:41.532624 [debug] [MainThread]: Command `dbt init` succeeded at 18:23:41.532504 after 32.01 seconds
[0m18:23:41.533049 [debug] [MainThread]: Sending event: {'category': 'dbt', 'action': 'invocation', 'label': 'end', 'context': [<snowplow_tracker.self_describing_json.SelfDescribingJson object at 0x15439a360>, <snowplow_tracker.self_describing_json.SelfDescribingJson object at 0x1544c1e20>, <snowplow_tracker.self_describing_json.SelfDescribingJson object at 0x1098fe7e0>]}
[0m18:23:41.533499 [debug] [MainThread]: Flushing usage events
[0m18:23:41.666413 [debug] [MainThread]: An error was encountered while trying to flush usage events
